2026-04-25T17:31:44.883-03:00  INFO 280315 --- [tasklist] [main] br.com.jtech.tasklist.StartTasklist      : Starting StartTasklist v1.0.0-SNAPSHOT using Java 21.0.10 with PID 280315 (/home/pedro/Documentos/projetos/fullstack2/jtech-tasklist-backend/build/classes/java/main started by pedro in /home/pedro/Documentos/projetos/fullstack2)
2026-04-25T17:31:44.886-03:00 DEBUG 280315 --- [tasklist] [main] br.com.jtech.tasklist.StartTasklist      : Running with Spring Boot v3.5.5, Spring v6.2.10
2026-04-25T17:31:44.887-03:00  INFO 280315 --- [tasklist] [main] br.com.jtech.tasklist.StartTasklist      : The following 1 profile is active: "dev"
2026-04-25T17:31:46.112-03:00  INFO 280315 --- [tasklist] [main] .s.d.r.c.RepositoryConfigurationDelegate : Bootstrapping Spring Data JPA repositories in DEFAULT mode.
2026-04-25T17:31:46.200-03:00  INFO 280315 --- [tasklist] [main] .s.d.r.c.RepositoryConfigurationDelegate : Finished Spring Data repository scanning in 75 ms. Found 4 JPA repository interfaces.
2026-04-25T17:31:46.829-03:00  INFO 280315 --- [tasklist] [main] o.s.b.w.embedded.tomcat.TomcatWebServer  : Tomcat initialized with port 0 (http)
2026-04-25T17:31:46.842-03:00  INFO 280315 --- [tasklist] [main] o.apache.catalina.core.StandardService   : Starting service [Tomcat]
2026-04-25T17:31:46.842-03:00  INFO 280315 --- [tasklist] [main] o.apache.catalina.core.StandardEngine    : Starting Servlet engine: [Apache Tomcat/10.1.44]
2026-04-25T17:31:46.890-03:00  INFO 280315 --- [tasklist] [main] o.a.c.c.C.[Tomcat].[localhost].[/]       : Initializing Spring embedded WebApplicationContext
2026-04-25T17:31:46.891-03:00  INFO 280315 --- [tasklist] [main] w.s.c.ServletWebServerApplicationContext : Root WebApplicationContext: initialization completed in 1959 ms
2026-04-25T17:31:47.059-03:00 DEBUG 280315 --- [tasklist] [main] b.c.j.t.c.s.JwtAuthenticationFilter      : Filter 'jwtAuthenticationFilter' configured for use
2026-04-25T17:31:47.187-03:00  INFO 280315 --- [tasklist] [main] o.hibernate.jpa.internal.util.LogHelper  : HHH000204: Processing PersistenceUnitInfo [name: default]
2026-04-25T17:31:47.231-03:00  INFO 280315 --- [tasklist] [main] org.hibernate.Version                    : HHH000412: Hibernate ORM core version 6.6.26.Final
2026-04-25T17:31:47.268-03:00  INFO 280315 --- [tasklist] [main] o.h.c.internal.RegionFactoryInitiator    : HHH000026: Second-level cache disabled
2026-04-25T17:31:47.481-03:00  INFO 280315 --- [tasklist] [main] o.s.o.j.p.SpringPersistenceUnitInfo      : No LoadTimeWeaver setup: ignoring JPA class transformer
2026-04-25T17:31:47.503-03:00  INFO 280315 --- [tasklist] [main] com.zaxxer.hikari.HikariDataSource       : HikariPool-1 - Starting...
2026-04-25T17:31:47.709-03:00  INFO 280315 --- [tasklist] [main] com.zaxxer.hikari.pool.HikariPool        : HikariPool-1 - Added connection org.postgresql.jdbc.PgConnection@1eb7ec59
2026-04-25T17:31:47.711-03:00  INFO 280315 --- [tasklist] [main] com.zaxxer.hikari.HikariDataSource       : HikariPool-1 - Start completed.
2026-04-25T17:31:47.738-03:00  WARN 280315 --- [tasklist] [main] org.hibernate.orm.deprecation            : HHH90000025: PostgreSQLDialect does not need to be specified explicitly using 'hibernate.dialect' (remove the property setting and it will be selected by default)
2026-04-25T17:31:47.765-03:00  INFO 280315 --- [tasklist] [main] org.hibernate.orm.connections.pooling    : HHH10001005: Database info:
	Database JDBC URL [Connecting through datasource 'HikariDataSource (HikariPool-1)']
	Database driver: undefined/unknown
	Database version: 18.3
	Autocommit mode: undefined/unknown
	Isolation level: undefined/unknown
	Minimum pool size: undefined/unknown
	Maximum pool size: undefined/unknown
2026-04-25T17:31:48.532-03:00  INFO 280315 --- [tasklist] [main] o.h.e.t.j.p.i.JtaPlatformInitiator       : HHH000489: No JTA platform available (set 'hibernate.transaction.jta.platform' to enable JTA platform integration)
2026-04-25T17:31:48.790-03:00  INFO 280315 --- [tasklist] [main] j.LocalContainerEntityManagerFactoryBean : Initialized JPA EntityManagerFactory for persistence unit 'default'
2026-04-25T17:31:49.250-03:00  WARN 280315 --- [tasklist] [main] JpaBaseConfiguration$JpaWebConfiguration : spring.jpa.open-in-view is enabled by default. Therefore, database queries may be performed during view rendering. Explicitly configure spring.jpa.open-in-view to disable this warning
2026-04-25T17:31:49.292-03:00  WARN 280315 --- [tasklist] [main] .s.s.UserDetailsServiceAutoConfiguration : 

Using generated security password: 33726701-9526-43e0-86df-bf2c127d996a

This generated password is for development use only. Your security configuration must be updated before running your application in production.

2026-04-25T17:31:49.298-03:00  INFO 280315 --- [tasklist] [main] r$InitializeUserDetailsManagerConfigurer : Global AuthenticationManager configured with UserDetailsService bean with name inMemoryUserDetailsManager
2026-04-25T17:31:50.343-03:00  INFO 280315 --- [tasklist] [main] o.s.b.a.e.web.EndpointLinksResolver      : Exposing 14 endpoints beneath base path '/actuator'
2026-04-25T17:31:50.865-03:00  INFO 280315 --- [tasklist] [main] o.s.b.w.embedded.tomcat.TomcatWebServer  : Tomcat started on port 35429 (http) with context path '/'
2026-04-25T17:31:50.894-03:00  INFO 280315 --- [tasklist] [main] br.com.jtech.tasklist.StartTasklist      : Started StartTasklist in 6.446 seconds (process running for 6.857)
2026-04-25T17:31:50.912-03:00  INFO 280315 --- [tasklist] [main] b.c.j.t.c.i.utils.ReadyEventListener     : >>> Connector Ready
2026-04-25T17:31:50.912-03:00  INFO 280315 --- [tasklist] [main] b.c.j.t.c.i.utils.ReadyEventListener     : ======================================================
2026-04-25T17:31:50.912-03:00  INFO 280315 --- [tasklist] [main] b.c.j.t.c.i.utils.ReadyEventListener     : == Execute mode:.....................'LOCAL'
2026-04-25T17:31:50.912-03:00  INFO 280315 --- [tasklist] [main] b.c.j.t.c.i.utils.ReadyEventListener     : ======================================================
2026-04-25T17:31:51.050-03:00  INFO 280315 --- [tasklist] [RMI TCP Connection(2)-127.0.0.1] o.a.c.c.C.[Tomcat].[localhost].[/]       : Initializing Spring DispatcherServlet 'dispatcherServlet'
2026-04-25T17:31:51.051-03:00  INFO 280315 --- [tasklist] [RMI TCP Connection(2)-127.0.0.1] o.s.web.servlet.DispatcherServlet        : Initializing Servlet 'dispatcherServlet'
2026-04-25T17:31:51.053-03:00  INFO 280315 --- [tasklist] [RMI TCP Connection(2)-127.0.0.1] o.s.web.servlet.DispatcherServlet        : Completed initialization in 2 ms
2026-04-25T17:37:01.220-03:00  INFO 280315 --- [tasklist] [SpringApplicationShutdownHook] o.s.b.w.e.tomcat.GracefulShutdown        : Commencing graceful shutdown. Waiting for active requests to complete
2026-04-25T17:37:01.225-03:00  INFO 280315 --- [tasklist] [tomcat-shutdown] o.s.b.w.e.tomcat.GracefulShutdown        : Graceful shutdown complete
2026-04-25T17:37:01.236-03:00  INFO 280315 --- [tasklist] [SpringApplicationShutdownHook] j.LocalContainerEntityManagerFactoryBean : Closing JPA EntityManagerFactory for persistence unit 'default'
2026-04-25T17:37:01.239-03:00  INFO 280315 --- [tasklist] [SpringApplicationShutdownHook] com.zaxxer.hikari.HikariDataSource       : HikariPool-1 - Shutdown initiated...
2026-04-25T17:37:01.241-03:00  INFO 280315 --- [tasklist] [SpringApplicationShutdownHook] com.zaxxer.hikari.HikariDataSource       : HikariPool-1 - Shutdown completed.
